// Jest Snapshot v1, https://goo.gl/fbAQLP

exports[`CreateComponent rendering component should match snapshot 1`] = `
<ogm-create
  clipboard={[Function Clipboard]}
  faIconLibrary={[Function FaIconLibrary]}
  isSmallScreen$={[Function Observable]}
  ogm$={[Function BehaviorSubject]}
  ogmService={[Function OgmService]}
  screenService={[Function ScreenService]}
  snackBar={[Function MatSnackBar]}
>
  <ogm-number>
    <div>
      "+++   /    /     +++"
    </div>
    <div>
      
    </div>
  </ogm-number><ogm-input
    placeholdermessage="vul een getal in van maximaal 10 cijfers"
  >
    <div>
      
    </div>
    <div>
      "vul een getal in van maximaal 10 cijfers"
    </div>
  </ogm-input><div
    class="controls large"
  >
    <button
      class="ogm-copy mat-focus-indicator mat-raised-button mat-button-base mat-primary"
      color="primary"
      data-clipboard-action="copy"
      disableripple=""
      isroundbutton=""
      mat-raised-button=""
    >
      <span
        class="mat-button-wrapper"
      >
        <fa-icon
          class="ng-fa-icon"
        >
          <svg
            aria-hidden="true"
            class="svg-inline--fa fa-comment-dots fa-w-16"
            data-icon="comment-dots"
            data-prefix="fad"
            focusable="false"
            role="img"
            viewBox="0 0 512 512"
            xmlns="http://www.w3.org/2000/svg"
          >
            <g
              class="fa-group"
            >
              <path
                class="fa-secondary"
                d="M256 32C114.6 32 0 125.1 0 240c0 49.6 21.4 95 57 130.7C44.5 421.1 2.7 466 2.2 466.5a8 8 0 0 0-1.5 8.7A7.83 7.83 0 0 0 8 480c66.3 0 116-31.8 140.6-51.4A305 305 0 0 0 256 448c141.4 0 256-93.1 256-208S397.4 32 256 32zM128 272a32 32 0 1 1 32-32 32 32 0 0 1-32 32zm128 0a32 32 0 1 1 32-32 32 32 0 0 1-32 32zm128 0a32 32 0 1 1 32-32 32 32 0 0 1-32 32z"
                fill="currentColor"
              />
              <path
                class="fa-primary"
                d="M128 208a32 32 0 1 0 32 32 32 32 0 0 0-32-32zm128 0a32 32 0 1 0 32 32 32 32 0 0 0-32-32zm128 0a32 32 0 1 0 32 32 32 32 0 0 0-32-32z"
                fill="currentColor"
              />
            </g>
          </svg>
        </fa-icon>
        Kopieer nummer 
      </span>
      <div
        class="mat-button-ripple mat-ripple"
        matripple=""
      />
      <div
        class="mat-button-focus-overlay"
      />
    </button>
    <button
      class="ogm-copy mat-focus-indicator mat-raised-button mat-button-base mat-primary"
      color="primary"
      data-clipboard-action="copy"
      disableripple=""
      isroundbutton=""
      mat-raised-button=""
    >
      <span
        class="mat-button-wrapper"
      >
        <fa-icon
          class="ng-fa-icon"
        >
          <svg
            aria-hidden="true"
            class="svg-inline--fa fa-comment-lines fa-w-16"
            data-icon="comment-lines"
            data-prefix="fad"
            focusable="false"
            role="img"
            viewBox="0 0 512 512"
            xmlns="http://www.w3.org/2000/svg"
          >
            <g
              class="fa-group"
            >
              <path
                class="fa-secondary"
                d="M256 32C114.6 32 0 125.1 0 240c0 49.6 21.4 95 57 130.7C44.5 421.1 2.7 466 2.2 466.5a8 8 0 0 0-1.5 8.7A7.83 7.83 0 0 0 8 480c66.3 0 116-31.8 140.6-51.4A305 305 0 0 0 256 448c141.4 0 256-93.1 256-208S397.4 32 256 32zm32 264a8 8 0 0 1-8 8H136a8 8 0 0 1-8-8v-16a8 8 0 0 1 8-8h144a8 8 0 0 1 8 8zm96-96a8 8 0 0 1-8 8H136a8 8 0 0 1-8-8v-16a8 8 0 0 1 8-8h240a8 8 0 0 1 8 8z"
                fill="currentColor"
              />
              <path
                class="fa-primary"
                d="M376 176H136a8 8 0 0 0-8 8v16a8 8 0 0 0 8 8h240a8 8 0 0 0 8-8v-16a8 8 0 0 0-8-8zm-96 96H136a8 8 0 0 0-8 8v16a8 8 0 0 0 8 8h144a8 8 0 0 0 8-8v-16a8 8 0 0 0-8-8z"
                fill="currentColor"
              />
            </g>
          </svg>
        </fa-icon>
        Kopieer mededeling 
      </span>
      <div
        class="mat-button-ripple mat-ripple"
        matripple=""
      />
      <div
        class="mat-button-focus-overlay"
      />
    </button>
  </div>
</ogm-create>
`;
