// Jest Snapshot v1, https://goo.gl/fbAQLP

exports[`GenerateComponent rendering component should match snapshot 1`] = `
<ogm-generate
  clipboard={[Function Clipboard]}
  faIconLibrary={[Function FaIconLibrary]}
  isSmallScreen$={[Function Observable]}
  ogm={[Function Object]}
  ogmService={[Function OgmService]}
  screenService={[Function ScreenService]}
  snackBar={[Function MatSnackBar]}
>
  <ogm-number>
    <div>
      "+++123/4567/89012+++"
    </div>
    <div>
      
    </div>
  </ogm-number><div
    class="controls large"
  >
    <button
      class="mat-focus-indicator mat-raised-button mat-button-base mat-primary"
      color="primary"
      disableripple=""
      isroundbutton=""
      mat-raised-button=""
    >
      <span
        class="mat-button-wrapper"
      >
        <fa-icon
          class="ng-fa-icon"
        >
          <svg
            aria-hidden="true"
            class="svg-inline--fa fa-sync-alt fa-w-16"
            data-icon="sync-alt"
            data-prefix="fad"
            focusable="false"
            role="img"
            viewBox="0 0 512 512"
            xmlns="http://www.w3.org/2000/svg"
          >
            <g
              class="fa-group"
            >
              <path
                class="fa-secondary"
                d="M8 454.06V320a24 24 0 0 1 24-24h134.06c21.38 0 32.09 25.85 17 41l-41.75 41.75A166.82 166.82 0 0 0 256.16 424c77.41-.07 144.31-53.14 162.78-126.85a12 12 0 0 1 11.65-9.15h57.31a12 12 0 0 1 11.81 14.18C478.07 417.08 377.19 504 256 504a247.14 247.14 0 0 1-171.31-68.69L49 471c-15.15 15.15-41 4.44-41-16.94z"
                fill="currentColor"
              />
              <path
                class="fa-primary"
                d="M12.3 209.82C33.93 94.92 134.81 8 256 8a247.14 247.14 0 0 1 171.31 68.69L463 41c15.12-15.12 41-4.41 41 17v134a24 24 0 0 1-24 24H345.94c-21.38 0-32.09-25.85-17-41l41.75-41.75A166.8 166.8 0 0 0 255.85 88c-77.46.07-144.33 53.18-162.79 126.85A12 12 0 0 1 81.41 224H24.1a12 12 0 0 1-11.8-14.18z"
                fill="currentColor"
              />
            </g>
          </svg>
        </fa-icon>
        Vernieuwen 
      </span>
      <div
        class="mat-button-ripple mat-ripple"
        matripple=""
      />
      <div
        class="mat-button-focus-overlay"
      />
    </button>
    <button
      class="ogm-copy mat-focus-indicator mat-raised-button mat-button-base mat-primary"
      color="primary"
      data-clipboard-action="copy"
      data-clipboard-text="123456789012"
      disableripple=""
      isroundbutton=""
      mat-raised-button=""
    >
      <span
        class="mat-button-wrapper"
      >
        <fa-icon
          class="ng-fa-icon"
        >
          <svg
            aria-hidden="true"
            class="svg-inline--fa fa-comment-dots fa-w-16"
            data-icon="comment-dots"
            data-prefix="fad"
            focusable="false"
            role="img"
            viewBox="0 0 512 512"
            xmlns="http://www.w3.org/2000/svg"
          >
            <g
              class="fa-group"
            >
              <path
                class="fa-secondary"
                d="M256 32C114.6 32 0 125.1 0 240c0 49.6 21.4 95 57 130.7C44.5 421.1 2.7 466 2.2 466.5a8 8 0 0 0-1.5 8.7A7.83 7.83 0 0 0 8 480c66.3 0 116-31.8 140.6-51.4A305 305 0 0 0 256 448c141.4 0 256-93.1 256-208S397.4 32 256 32zM128 272a32 32 0 1 1 32-32 32 32 0 0 1-32 32zm128 0a32 32 0 1 1 32-32 32 32 0 0 1-32 32zm128 0a32 32 0 1 1 32-32 32 32 0 0 1-32 32z"
                fill="currentColor"
              />
              <path
                class="fa-primary"
                d="M128 208a32 32 0 1 0 32 32 32 32 0 0 0-32-32zm128 0a32 32 0 1 0 32 32 32 32 0 0 0-32-32zm128 0a32 32 0 1 0 32 32 32 32 0 0 0-32-32z"
                fill="currentColor"
              />
            </g>
          </svg>
        </fa-icon>
        Kopieer nummer 
      </span>
      <div
        class="mat-button-ripple mat-ripple"
        matripple=""
      />
      <div
        class="mat-button-focus-overlay"
      />
    </button>
    <button
      class="ogm-copy mat-focus-indicator mat-raised-button mat-button-base mat-primary"
      color="primary"
      data-clipboard-action="copy"
      data-clipboard-text="+++123/4567/89012+++"
      disableripple=""
      isroundbutton=""
      mat-raised-button=""
    >
      <span
        class="mat-button-wrapper"
      >
        <fa-icon
          class="ng-fa-icon"
        >
          <svg
            aria-hidden="true"
            class="svg-inline--fa fa-comment-lines fa-w-16"
            data-icon="comment-lines"
            data-prefix="fad"
            focusable="false"
            role="img"
            viewBox="0 0 512 512"
            xmlns="http://www.w3.org/2000/svg"
          >
            <g
              class="fa-group"
            >
              <path
                class="fa-secondary"
                d="M256 32C114.6 32 0 125.1 0 240c0 49.6 21.4 95 57 130.7C44.5 421.1 2.7 466 2.2 466.5a8 8 0 0 0-1.5 8.7A7.83 7.83 0 0 0 8 480c66.3 0 116-31.8 140.6-51.4A305 305 0 0 0 256 448c141.4 0 256-93.1 256-208S397.4 32 256 32zm32 264a8 8 0 0 1-8 8H136a8 8 0 0 1-8-8v-16a8 8 0 0 1 8-8h144a8 8 0 0 1 8 8zm96-96a8 8 0 0 1-8 8H136a8 8 0 0 1-8-8v-16a8 8 0 0 1 8-8h240a8 8 0 0 1 8 8z"
                fill="currentColor"
              />
              <path
                class="fa-primary"
                d="M376 176H136a8 8 0 0 0-8 8v16a8 8 0 0 0 8 8h240a8 8 0 0 0 8-8v-16a8 8 0 0 0-8-8zm-96 96H136a8 8 0 0 0-8 8v16a8 8 0 0 0 8 8h144a8 8 0 0 0 8-8v-16a8 8 0 0 0-8-8z"
                fill="currentColor"
              />
            </g>
          </svg>
        </fa-icon>
        Kopieer mededeling 
      </span>
      <div
        class="mat-button-ripple mat-ripple"
        matripple=""
      />
      <div
        class="mat-button-focus-overlay"
      />
    </button>
  </div>
</ogm-generate>
`;
